[debug] [2026-07-28T00:51:26.658Z] ----------------------------------------------------------------------
[debug] [2026-07-28T00:51:26.660Z] Command:       C:\Program Files\nodejs\node.exe C:\Users\aleja\AppData\Roaming\npm\node_modules\firebase-tools\lib\bin\firebase.js init hosting
[debug] [2026-07-28T00:51:26.660Z] CLI Version:   15.22.0
[debug] [2026-07-28T00:51:26.660Z] Platform:      win32
[debug] [2026-07-28T00:51:26.661Z] Node Version:  v22.18.0
[debug] [2026-07-28T00:51:26.661Z] Detected Agent: unknown
[debug] [2026-07-28T00:51:26.661Z] Time:          Mon Jul 27 2026 20:51:26 GMT-0400 (hora estándar de Chile)
[debug] [2026-07-28T00:51:26.661Z] ----------------------------------------------------------------------
[debug] 
[debug] [2026-07-28T00:51:26.664Z] >>> [apiv2][query] GET https://firebase-public.firebaseio.com/cli.json [none]
[info] 
     ######## #### ########  ######## ########     ###     ######  ########
     ##        ##  ##     ## ##       ##     ##  ##   ##  ##       ##
     ######    ##  ########  ######   ########  #########  ######  ######
     ##        ##  ##    ##  ##       ##     ## ##     ##       ## ##
     ##       #### ##     ## ######## ########  ##     ##  ######  ########

You're about to initialize a Firebase project in this directory:

  D:\gestion-financiera-familiar

[debug] [2026-07-28T00:51:31.583Z] <<< [apiv2][status] GET https://firebase-public.firebaseio.com/cli.json 200
[debug] [2026-07-28T00:51:31.583Z] <<< [apiv2][body] GET https://firebase-public.firebaseio.com/cli.json {"cloudBuildErrorAfter":1594252800000,"cloudBuildWarnAfter":1590019200000,"defaultNode10After":1594252800000,"minVersion":"3.0.5","node8DeploysDisabledAfter":1613390400000,"node8RuntimeDisabledAfter":1615809600000,"node8WarnAfter":1600128000000}
[info] 
=== Project Setup
[info] 
[info] First, let's associate this project directory with a Firebase project.
[info] You can create multiple project aliases by running firebase use --add, 
[info] 
